Microsoft (R) Macro Assembler Version 5.00                  1/6/22 20:49:01
                                                             Page     1-1


				.386 
 0000				DATA SEGMENT USE16 
 0000  64 00			BUF     DB 100, 0, 100 DUP(0) 
       0064[			
	   00			
			 ]	
				
 0066				DATA ENDS 
				 
 0000				STACK SEGMENT USE16 STACK 
 0000  0064[			        DW 100 DUP(0) 
	   0000			
			 ]	
				
 00C8				STACK ENDS 
				 
 0000				CODE SEGMENT USE16 
				        ASSUME CS:CODE, SS:STACK, DS:DATA 
 0000  B8 ---- R		START:  MOV AX, DATA 
 0003  8E D8			        MOV DS, AX 
 0005  B8 ---- R		        MOV AX, STACK 
 0008  8E D0			        MOV SS, AX 
 000A  8D 16 0000 R		        LEA DX, BUF 
 000E  B4 0A			        MOV AH, 10 
 0010  CD 21			        INT 21H 
 0012  8A 1E 0001 R		        MOV BL, BUF+1 
 0016  B7 00			        MOV BH, 0 
 0018  C6 87 0002 R 24		        MOV BYTE PTR BUF+2[BX], '$' 
				        OUTPUT BUF+2 
 001D  52                    1	        PUSH DX 
 001E  50                    1	        PUSH AX 
 001F  8D 16 0002 R          1	        LEA DX, BUF+2 
 0023  B4 09                 1	        MOV AH, 9 
 0025  CD 21                 1	        INT 21H 
 0027  58                    1	        POP AX 
 0028  5A                    1	        POP DX 
 0029  E8 0024 R		        CALL FBTS 
				        OUTPUT BUF+2 
 002C  52                    1	        PUSH DX 
 002D  50                    1	        PUSH AX 
 002E  8D 16 0002 R          1	        LEA DX, BUF+2 
 0032  B4 09                 1	        MOV AH, 9 
 0034  CD 21                 1	        INT 21H 
 0036  58                    1	        POP AX 
 0037  5A                    1	        POP DX 
 0038  B4 4C			        MOV AH, 4CH 
 003A  CD 21			        INT 21H 
				 
				OUTPUT MACRO TOOUT 
				        PUSH DX 
				        PUSH AX 
				        LEA DX, TOOUT 
				        MOV AH, 9 
				        INT 21H 
Microsoft (R) Macro Assembler Version 5.00                  1/6/22 20:49:01
                                                             Page     1-2


				        POP AX 
				        POP DX 
				        ENDM 
				 
				FBTS PROC 
2020fi.ASM(38): error A2006: Phase error between passes
 0024  60			        PUSHA 
 0025  9C			        PUSHF 
 0026  8D 36 0002 R		        LEA SI, BUF+2 
 002A  8A 04			LOOPA:  MOV AL, BYTE PTR [SI] 
 002C  3C 24			        CMP AL, '$' 
 002E  0F 84 0047 R		        JE EXIT 
 0032  3C 61			        CMP AL, 'a' 
 0034  0F 82 0044 R		        JB NEXT 
 0038  3C 7A			        CMP AL, 'z' 
 003A  0F 87 0044 R		        JA NEXT 
 003E  2C 60			        SUB AL, 60H 
 0040  04 40			        ADD AL, 40H 
 0042  88 04			        MOV BYTE PTR DS:[SI], AL 
 0044  46			NEXT:   INC SI 
 0045  EB E3			        JMP LOOPA 
 0047  9D			EXIT:   POPF 
 0048  61			        POPA 
 0049  C3			        RET 
 004A				FBTS ENDP 
				 
 004A				CODE ENDS 
				        END START 

Microsoft (R) Macro Assembler Version 5.00                  1/6/22 20:49:01
                                                             Symbols-1


Macros:

		N a m e			Lines

OUTPUT . . . . . . . . . . . . .  	   7



                N a m e         	Size	Length	 Align	Combine Class

CODE . . . . . . . . . . . . . .  	16 Bit	004A	PARA	NONE	
DATA . . . . . . . . . . . . . .  	16 Bit	0066	PARA	NONE	
STACK  . . . . . . . . . . . . .  	16 Bit	00C8	PARA	STACK	

Symbols:            

                N a m e         	Type	 Value	 Attr

BUF  . . . . . . . . . . . . . .  	L BYTE	0000	DATA

EXIT . . . . . . . . . . . . . .  	L NEAR	0047	CODE

FBTS . . . . . . . . . . . . . .  	N PROC	0024	CODE	Length = 0026

LOOPA  . . . . . . . . . . . . .  	L NEAR	002A	CODE

NEXT . . . . . . . . . . . . . .  	L NEAR	0044	CODE

START  . . . . . . . . . . . . .  	L NEAR	0000	CODE

@FILENAME  . . . . . . . . . . .  	TEXT  2020fi		


     60 Source  Lines
     74 Total   Lines
     12 Symbols

  51006 + 465538 Bytes symbol space free

      0 Warning Errors
      1 Severe  Errors
